#
# This test (and only this test) should show some differences.
#
